def run(Int n):
kkk............
  if n >= 10 and n < 3.5 then
..kk......nn.kkk.....nnn.kkkk
x = "a # b" # tail
....sssssss.cccccc
s = 'it\'s' + "q\"x"
....sssssss...ssssss
endless end_ end m::end end.x
.............kkk........kkk..
x1 = 12ab + .5 + 0.25 + 7.
.....nn.....nn...nnnn...n.
say("oops
....sssss


x = "é" # ü
....ssss.cccc
if(x)then end
kk...kkkk.kkk
#line 3 "x.cm"
cccccccccccccc
"end 5"
sssssss
	return 0
.kkkkkk.n
class 1 clas 0 classes 0
and 1 or 1 elif 1 else 1 end 1
Int 0 self 1 null 1 true 0 empty 0
