fresh: size 0, top 0, following 0, first -, last -, shown from -
open 0, rows 8, most 0
shown: open 1
hidden: open 0
compiler 250: size 200, top 0, following 0, first l1, last l200, shown from l1
compiler down one notch: size 200, top 3, following 0, first l1, last l200, shown from l4
compiler more: size 200, top 3, following 0, first l1, last l200, shown from l4
compiler to the end: size 200, top 192, following 0, first l1, last l200, shown from l193
compiler to the start: size 200, top 0, following 0, first l1, last l200, shown from l1
ten lines, one notch down: size 10, top 2, following 0, first l1, last l10, shown from l3
begun again after scrolling: size 3, top 0, following 0, first l1, last l3, shown from l1
program begun: following 1
program 5: size 5, top 0, following 1, first l1, last l5, shown from l1
program 8: size 8, top 0, following 1, first l1, last l8, shown from l1
program 9: size 9, top 1, following 1, first l1, last l9, shown from l2
program 20: size 20, top 12, following 1, first l1, last l20, shown from l13
up one notch: size 20, top 9, following 0, first l1, last l20, shown from l10
a line arrives: size 21, top 9, following 0, first l1, last l21, shown from l10
down one notch: size 21, top 12, following 0, first l1, last l21, shown from l13
down another: size 21, top 13, following 1, first l1, last l21, shown from l14
following again: size 22, top 14, following 1, first l1, last l22, shown from l15
far up: size 22, top 0, following 0, first l1, last l22, shown from l1
far down: size 22, top 14, following 1, first l1, last l22, shown from l15
up two notches then down one: : size 22, top 11, following 0, first l1, last l22, shown from l12
three lines, wheeled: size 3, top 0, following 1, first l1, last l3, shown from l1
2000: size 2000, top 1992, following 1, first l1, last l2000, shown from l1993
2001: size 1001, top 993, following 1, first l1001, last l2001, shown from l1994
2500: size 1500, top 1492, following 1, first l1001, last l2500, shown from l2493
2000, up 164 notches: size 2000, top 1500, following 0, first l1, last l2000, shown from l1501
2001 while scrolled: size 1001, top 500, following 0, first l1001, last l2001, shown from l1501
2000, up 400 notches: size 2000, top 792, following 0, first l1, last l2000, shown from l793
2001 while near the start: size 1001, top 0, following 0, first l1001, last l2001, shown from l1001
plain: [plain] 5
colour: [red] 3
parameters: [green ok] 8
erase: [xy] 2
title: [text] 4
lone escape: [ab] 2
escape and a letter: [ab] 2
tab: [a       b] 9
tab at eight: [abcdefgh        x] 17
leading tab: [        x] 9
two tabs: [a               b] 17
carriage return: [XY] 2
tab after a carriage return: [        x] 9
sequence ending in @: [ab] 2
sequence ending in ~: [x] 1
bell and backspace: [abc] 3
delete: [ab] 2
long: 100000
added: [a       b]
added to a compiler's: [bold]
begun again: size 0, top 0, following 0, first -, last -, shown from -
cleared: following 0, top 0
